// Jest Snapshot v1, https://goo.gl/fbAQLP

exports[`It should fall back to base import variables 1`] = `
.c0 {
  color: #b5483d;
  background: #39688f;
}

<div
  className="c0"
/>
`;
